Archive member included to satisfy reference by file (symbol)

c:/users/legen/appdata/roaming/xpacks/@gnu-mcu-eclipse/arm-none-eabi-gcc/7.2.1-1.1.5/.content/bin/../lib/gcc/arm-none-eabi/7.2.1/thumb/v7-m\libgcc.a(_arm_addsubdf3.o)
                              ./src/main.o (__aeabi_dadd)
c:/users/legen/appdata/roaming/xpacks/@gnu-mcu-eclipse/arm-none-eabi-gcc/7.2.1-1.1.5/.content/bin/../lib/gcc/arm-none-eabi/7.2.1/thumb/v7-m\libgcc.a(_arm_muldivdf3.o)
                              ./src/main.o (__aeabi_dmul)
c:/users/legen/appdata/roaming/xpacks/@gnu-mcu-eclipse/arm-none-eabi-gcc/7.2.1-1.1.5/.content/bin/../lib/gcc/arm-none-eabi/7.2.1/thumb/v7-m\libgcc.a(_arm_cmpdf2.o)
                              ./src/main.o (__aeabi_dcmple)
c:/users/legen/appdata/roaming/xpacks/@gnu-mcu-eclipse/arm-none-eabi-gcc/7.2.1-1.1.5/.content/bin/../lib/gcc/arm-none-eabi/7.2.1/thumb/v7-m\libgcc.a(_arm_fixdfsi.o)
                              ./src/main.o (__aeabi_d2iz)
c:/users/legen/appdata/roaming/xpacks/@gnu-mcu-eclipse/arm-none-eabi-gcc/7.2.1-1.1.5/.content/bin/../lib/gcc/arm-none-eabi/7.2.1/thumb/v7-m\libgcc.a(_arm_fixunsdfsi.o)
                              ./src/main.o (__aeabi_d2uiz)
c:/users/legen/appdata/roaming/xpacks/@gnu-mcu-eclipse/arm-none-eabi-gcc/7.2.1-1.1.5/.content/bin/../lib/gcc/arm-none-eabi/7.2.1/thumb/v7-m\libgcc.a(_arm_truncdfsf2.o)
                              ./src/main.o (__aeabi_d2f)
c:/users/legen/appdata/roaming/xpacks/@gnu-mcu-eclipse/arm-none-eabi-gcc/7.2.1-1.1.5/.content/bin/../lib/gcc/arm-none-eabi/7.2.1/thumb/v7-m\libgcc.a(_arm_addsubsf3.o)
                              ./src/main.o (__aeabi_fsub)
c:/users/legen/appdata/roaming/xpacks/@gnu-mcu-eclipse/arm-none-eabi-gcc/7.2.1-1.1.5/.content/bin/../lib/gcc/arm-none-eabi/7.2.1/thumb/v7-m\libgcc.a(_arm_fixsfsi.o)
                              ./src/main.o (__aeabi_f2iz)
c:/users/legen/appdata/roaming/xpacks/@gnu-mcu-eclipse/arm-none-eabi-gcc/7.2.1-1.1.5/.content/bin/../lib/gcc/arm-none-eabi/7.2.1/../../../../arm-none-eabi/lib/thumb/v7-m\libg_nano.a(lib_a-errno.o)
                              ./system/src/newlib/_sbrk.o (__errno)
c:/users/legen/appdata/roaming/xpacks/@gnu-mcu-eclipse/arm-none-eabi-gcc/7.2.1-1.1.5/.content/bin/../lib/gcc/arm-none-eabi/7.2.1/../../../../arm-none-eabi/lib/thumb/v7-m\libg_nano.a(lib_a-impure.o)
                              c:/users/legen/appdata/roaming/xpacks/@gnu-mcu-eclipse/arm-none-eabi-gcc/7.2.1-1.1.5/.content/bin/../lib/gcc/arm-none-eabi/7.2.1/../../../../arm-none-eabi/lib/thumb/v7-m\libg_nano.a(lib_a-errno.o) (_impure_ptr)
c:/users/legen/appdata/roaming/xpacks/@gnu-mcu-eclipse/arm-none-eabi-gcc/7.2.1-1.1.5/.content/bin/../lib/gcc/arm-none-eabi/7.2.1/../../../../arm-none-eabi/lib/thumb/v7-m\libg_nano.a(lib_a-sprintf.o)
                              ./src/main.o (sprintf)
c:/users/legen/appdata/roaming/xpacks/@gnu-mcu-eclipse/arm-none-eabi-gcc/7.2.1-1.1.5/.content/bin/../lib/gcc/arm-none-eabi/7.2.1/../../../../arm-none-eabi/lib/thumb/v7-m\libg_nano.a(lib_a-strlen.o)
                              ./system/src/diag/Trace.o (strlen)
c:/users/legen/appdata/roaming/xpacks/@gnu-mcu-eclipse/arm-none-eabi-gcc/7.2.1-1.1.5/.content/bin/../lib/gcc/arm-none-eabi/7.2.1/../../../../arm-none-eabi/lib/thumb/v7-m\libg_nano.a(lib_a-vsnprintf.o)
                              ./system/src/diag/Trace.o (vsnprintf)
c:/users/legen/appdata/roaming/xpacks/@gnu-mcu-eclipse/arm-none-eabi-gcc/7.2.1-1.1.5/.content/bin/../lib/gcc/arm-none-eabi/7.2.1/../../../../arm-none-eabi/lib/thumb/v7-m\libg_nano.a(lib_a-nano-svfprintf.o)
                              c:/users/legen/appdata/roaming/xpacks/@gnu-mcu-eclipse/arm-none-eabi-gcc/7.2.1-1.1.5/.content/bin/../lib/gcc/arm-none-eabi/7.2.1/../../../../arm-none-eabi/lib/thumb/v7-m\libg_nano.a(lib_a-sprintf.o) (_svfprintf_r)
c:/users/legen/appdata/roaming/xpacks/@gnu-mcu-eclipse/arm-none-eabi-gcc/7.2.1-1.1.5/.content/bin/../lib/gcc/arm-none-eabi/7.2.1/../../../../arm-none-eabi/lib/thumb/v7-m\libg_nano.a(lib_a-nano-vfprintf_i.o)
                              c:/users/legen/appdata/roaming/xpacks/@gnu-mcu-eclipse/arm-none-eabi-gcc/7.2.1-1.1.5/.content/bin/../lib/gcc/arm-none-eabi/7.2.1/../../../../arm-none-eabi/lib/thumb/v7-m\libg_nano.a(lib_a-nano-svfprintf.o) (_printf_i)
c:/users/legen/appdata/roaming/xpacks/@gnu-mcu-eclipse/arm-none-eabi-gcc/7.2.1-1.1.5/.content/bin/../lib/gcc/arm-none-eabi/7.2.1/../../../../arm-none-eabi/lib/thumb/v7-m\libg_nano.a(lib_a-memchr-stub.o)
                              c:/users/legen/appdata/roaming/xpacks/@gnu-mcu-eclipse/arm-none-eabi-gcc/7.2.1-1.1.5/.content/bin/../lib/gcc/arm-none-eabi/7.2.1/../../../../arm-none-eabi/lib/thumb/v7-m\libg_nano.a(lib_a-nano-svfprintf.o) (memchr)
c:/users/legen/appdata/roaming/xpacks/@gnu-mcu-eclipse/arm-none-eabi-gcc/7.2.1-1.1.5/.content/bin/../lib/gcc/arm-none-eabi/7.2.1/../../../../arm-none-eabi/lib/thumb/v7-m\libg_nano.a(lib_a-memcpy-stub.o)
[...]
Memory Configuration

Name             Origin             Length             Attributes
RAM              0x0000000020000000 0x0000000000005000 xrw
CCMRAM           0x0000000000000000 0x0000000000000000 xrw
FLASH            0x0000000008000000 0x0000000000010000 xr
FLASHB1          0x0000000000000000 0x0000000000000000 xr
EXTMEMB0         0x0000000000000000 0x0000000000000000 xr
EXTMEMB1         0x0000000000000000 0x0000000000000000 xr
EXTMEMB2         0x0000000000000000 0x0000000000000000 xr
EXTMEMB3         0x0000000000000000 0x0000000000000000 xr
MEMORY_ARRAY     0x0000000000000000 0x0000000000000000 xrw
*default*        0x0000000000000000 0xffffffffffffffff

Linker script and memory map

LOAD ./system/src/stm32f1-stdperiph/misc.o
LOAD ./system/src/stm32f1-stdperiph/stm32f10x_gpio.o
LOAD ./system/src/stm32f1-stdperiph/stm32f10x_rcc.o
LOAD ./system/src/newlib/_cxx.o
LOAD ./system/src/newlib/_exit.o
LOAD ./system/src/newlib/_sbrk.o
LOAD ./system/src/newlib/_startup.o
LOAD ./system/src/newlib/_syscalls.o
LOAD ./system/src/newlib/assert.o
LOAD ./system/src/diag/Trace.o
LOAD ./system/src/diag/trace_impl.o
LOAD ./system/src/cortexm/_initialize_hardware.o
LOAD ./system/src/cortexm/_reset_hardware.o
LOAD ./system/src/cortexm/exception_handlers.o
LOAD ./system/src/cmsis/system_stm32f10x.o
LOAD ./system/src/cmsis/vectors_stm32f10x.o
LOAD ./src/_write.o
LOAD ./src/main.o
LOAD c:/users/legen/appdata/roaming/xpacks/@gnu-mcu-eclipse/arm-none-eabi-gcc/7.2.1-1.1.5/.content/bin/../lib/gcc/arm-none-eabi/7.2.1/../../../../arm-none-eabi/lib/thumb/v7-m\libstdc++_nano.a
LOAD c:/users/legen/appdata/roaming/xpacks/@gnu-mcu-eclipse/arm-none-eabi-gcc/7.2.1-1.1.5/.content/bin/../lib/gcc/arm-none-eabi/7.2.1/../../../../arm-none-eabi/lib/thumb/v7-m\libm.a
START GROUP
LOAD c:/users/legen/appdata/roaming/xpacks/@gnu-mcu-eclipse/arm-none-eabi-gcc/7.2.1-1.1.5/.content/bin/../lib/gcc/arm-none-eabi/7.2.1/thumb/v7-m\libgcc.a
LOAD c:/users/legen/appdata/roaming/xpacks/@gnu-mcu-eclipse/arm-none-eabi-gcc/7.2.1-1.1.5/.content/bin/../lib/gcc/arm-none-eabi/7.2.1/../../../../arm-none-eabi/lib/thumb/v7-m\libg_nano.a
LOAD c:/users/legen/appdata/roaming/xpacks/@gnu-mcu-eclipse/arm-none-eabi-gcc/7.2.1-1.1.5/.content/bin/../lib/gcc/arm-none-eabi/7.2.1/../../../../arm-none-eabi/lib/thumb/v7-m\libc_nano.a
END GROUP
START GROUP
LOAD c:/users/legen/appdata/roaming/xpacks/@gnu-mcu-eclipse/arm-none-eabi-gcc/7.2.1-1.1.5/.content/bin/../lib/gcc/arm-none-eabi/7.2.1/thumb/v7-m\libgcc.a
LOAD c:/users/legen/appdata/roaming/xpacks/@gnu-mcu-eclipse/arm-none-eabi-gcc/7.2.1-1.1.5/.content/bin/../lib/gcc/arm-none-eabi/7.2.1/../../../../arm-none-eabi/lib/thumb/v7-m\libc_nano.a
END GROUP
                0x0000000020005000                __stack = (ORIGIN (RAM) + LENGTH (RAM))
                0x0000000020005000                _estack = __stack
                0x0000000000000400                __Main_Stack_Size = 0x400
                [!provide]                        PROVIDE (_Main_Stack_Size, __Main_Stack_Size)
                0x0000000020004c00                __Main_Stack_Limit = (__stack - __Main_Stack_Size)
                [!provide]                        PROVIDE (_Main_Stack_Limit, __Main_Stack_Limit)
                0x0000000000000100                _Minimum_Stack_Size = 0x100
                0x0000000020000124                PROVIDE (_Heap_Begin, _end_noinit)
                0x0000000020004c00                PROVIDE (_Heap_Limit, (__stack - __Main_Stack_Size))

.isr_vector     0x0000000008000000      0x350
 FILL mask 0xff
                0x0000000008000000                __vectors_start = ABSOLUTE (.)
                0x0000000008000000                __vectors_start__ = ABSOLUTE (.)
 *(.isr_vector)
 .isr_vector    0x0000000008000000      0x10c ./system/src/cmsis/vectors_stm32f10x.o
                0x0000000008000000                __isr_vectors
 *(.cfmconfig)
 *(.after_vectors .after_vectors.*)
 .after_vectors
                0x000000000800010c      0x114 ./system/src/newlib/_startup.o
                0x000000000800010c                _start
 .after_vectors
                0x0000000008000220      0x12c ./system/src/cortexm/exception_handlers.o
                0x0000000008000220                Reset_Handler
                0x0000000008000226                NMI_Handler
                0x000000000800022a                HardFault_Handler
                0x000000000800023e                HardFault_Handler_C
                0x000000000800029c                MemManage_Handler
                0x00000000080002a0                BusFault_Handler
                0x00000000080002b4                BusFault_Handler_C
                0x00000000080002e8                UsageFault_Handler
                0x00000000080002fc                UsageFault_Handler_C
                0x0000000008000330                SVC_Handler
                0x0000000008000334                DebugMon_Handler
                0x0000000008000338                PendSV_Handler
                0x000000000800033c                SysTick_Handler
 .after_vectors
                0x000000000800034c        0x4 ./system/src/cmsis/vectors_stm32f10x.o
                0x000000000800034c                EXTI2_IRQHandler
                0x000000000800034c                TIM8_TRG_COM_IRQHandler
                0x000000000800034c                TIM8_CC_IRQHandler
                0x000000000800034c                TIM1_CC_IRQHandler
                0x000000000800034c                TIM6_IRQHandler
                0x000000000800034c                PVD_IRQHandler
                0x000000000800034c                SDIO_IRQHandler
                0x000000000800034c                CAN2_RX1_IRQHandler
                0x000000000800034c                EXTI3_IRQHandler
                0x000000000800034c                TIM8_TRG_COM_TIM14_IRQHandler
                0x000000000800034c                TIM1_UP_TIM10_IRQHandler
                0x000000000800034c                TIM8_UP_TIM13_IRQHandler
                0x000000000800034c                EXTI0_IRQHandler
                0x000000000800034c                I2C2_EV_IRQHandler
                0x000000000800034c                CAN1_RX0_IRQHandler
                0x000000000800034c                TIM1_UP_TIM16_IRQHandler
                0x000000000800034c                CAN2_SCE_IRQHandler
                0x000000000800034c                ADC1_2_IRQHandler
                0x000000000800034c                SPI1_IRQHandler
                0x000000000800034c                TAMPER_IRQHandler
                0x000000000800034c                TIM6_DAC_IRQHandler
                0x000000000800034c                TIM1_BRK_TIM9_IRQHandler
                0x000000000800034c                CAN2_RX0_IRQHandler
                0x000000000800034c                TIM8_UP_IRQHandler
                0x000000000800034c                DMA2_Channel2_IRQHandler
                0x000000000800034c                DMA1_Channel4_IRQHandler
                0x000000000800034c                USART3_IRQHandler
                0x000000000800034c                RTC_IRQHandler
                0x000000000800034c                DMA1_Channel7_IRQHandler
                0x000000000800034c                CAN1_RX1_IRQHandler
                0x000000000800034c                UART5_IRQHandler
                0x000000000800034c                ADC3_IRQHandler
                0x000000000800034c                TIM4_IRQHandler
                0x000000000800034c                DMA2_Channel1_IRQHandler
                0x000000000800034c                I2C1_EV_IRQHandler
                0x000000000800034c                DMA1_Channel6_IRQHandler
                0x000000000800034c                UART4_IRQHandler
                0x000000000800034c                DMA2_Channel4_IRQHandler
                0x000000000800034c                TIM3_IRQHandler
                0x000000000800034c                RCC_IRQHandler
                0x000000000800034c                TIM8_BRK_TIM12_IRQHandler
                0x000000000800034c                TIM1_TRG_COM_IRQHandler
                0x000000000800034c                DMA1_Channel1_IRQHandler
                0x000000000800034c                Default_Handler
                0x000000000800034c                CEC_IRQHandler
                0x000000000800034c                EXTI15_10_IRQHandler
                0x000000000800034c                TIM14_IRQHandler
                0x000000000800034c                TIM13_IRQHandler
                0x000000000800034c                TIM12_IRQHandler
                0x000000000800034c                TIM7_IRQHandler
                0x000000000800034c                CAN2_TX_IRQHandler
                0x000000000800034c                TIM5_IRQHandler
                0x000000000800034c                EXTI9_5_IRQHandler
                0x000000000800034c                ETH_WKUP_IRQHandler
                0x000000000800034c                SPI2_IRQHandler
                0x000000000800034c                CAN1_TX_IRQHandler
                0x000000000800034c                DMA2_Channel5_IRQHandler
                0x000000000800034c                DMA1_Channel5_IRQHandler
                0x000000000800034c                EXTI4_IRQHandler
                0x000000000800034c                USB_LP_CAN1_RX0_IRQHandler
                0x000000000800034c                TIM1_TRG_COM_TIM17_IRQHandler
                0x000000000800034c                USB_HP_CAN1_TX_IRQHandler
                0x000000000800034c                DMA1_Channel3_IRQHandler
                0x000000000800034c                FSMC_IRQHandler
                0x000000000800034c                ETH_IRQHandler
                0x000000000800034c                TIM1_UP_IRQHandler
                0x000000000800034c                WWDG_IRQHandler
                0x000000000800034c                TIM2_IRQHandler
                0x000000000800034c                OTG_FS_WKUP_IRQHandler
                0x000000000800034c                TIM1_TRG_COM_TIM11_IRQHandler
                0x000000000800034c                TIM1_BRK_IRQHandler
                0x000000000800034c                EXTI1_IRQHandler
                0x000000000800034c                RTCAlarm_IRQHandler
                0x000000000800034c                DMA2_Channel4_5_IRQHandler
                0x000000000800034c                USART2_IRQHandler
                0x000000000800034c                I2C2_ER_IRQHandler
                0x000000000800034c                DMA1_Channel2_IRQHandler
                0x000000000800034c                TIM8_BRK_IRQHandler
                0x000000000800034c                CAN1_SCE_IRQHandler
                0x000000000800034c                FLASH_IRQHandler
                0x000000000800034c                USART1_IRQHandler
                0x000000000800034c                OTG_FS_IRQHandler
                0x000000000800034c                SPI3_IRQHandler
                0x000000000800034c                I2C1_ER_IRQHandler
                0x000000000800034c                USBWakeUp_IRQHandler
                0x000000000800034c                DMA2_Channel3_IRQHandler
                0x000000000800034c                TIM1_BRK_TIM15_IRQHandler

.inits          0x0000000008000350       0x28
                0x0000000008000350                __data_regions_array_start = .
                0x0000000008000350        0x4 LONG 0x8002204 LOADADDR (.data)
                0x0000000008000354        0x4 LONG 0x20000000 ADDR (.data)
                0x0000000008000358        0x4 LONG 0x20000088 (ADDR (.data) + SIZEOF (.data))
                0x000000000800035c        0x4 LONG 0x8002204 LOADADDR (.data_CCMRAM)
                0x0000000008000360        0x4 LONG 0x0 ADDR (.data_CCMRAM)
                0x0000000008000364        0x4 LONG 0x0 (ADDR (.data_CCMRAM) + SIZEOF (.data_CCMRAM))
                0x0000000008000368                __data_regions_array_end = .
                0x0000000008000368                __bss_regions_array_start = .
                0x0000000008000368        0x4 LONG 0x20000088 ADDR (.bss)
                0x000000000800036c        0x4 LONG 0x20000124 (ADDR (.bss) + SIZEOF (.bss))
                0x0000000008000370        0x4 LONG 0x0 ADDR (.bss_CCMRAM)
                0x0000000008000374        0x4 LONG 0x0 (ADDR (.bss_CCMRAM) + SIZEOF (.bss_CCMRAM))
                0x0000000008000378                __bss_regions_array_end = .
 *(.init)
 *(.fini)
                0x0000000008000378                . = ALIGN (0x4)
                0x0000000008000378                PROVIDE (__preinit_array_start, .)
 *(.preinit_array_sysinit .preinit_array_sysinit.*)
 *(.preinit_array_platform .preinit_array_platform.*)
 *(.preinit_array .preinit_array.*)
                0x0000000008000378                PROVIDE (__preinit_array_end, .)
                0x0000000008000378                . = ALIGN (0x4)
                0x0000000008000378                PROVIDE (__init_array_start, .)
 *(SORT_BY_NAME(.init_array.*))
 *(.init_array)
                0x0000000008000378                PROVIDE (__init_array_end, .)
                0x0000000008000378                . = ALIGN (0x4)
                0x0000000008000378                PROVIDE (__fini_array_start, .)
 *(SORT_BY_NAME(.fini_array.*))
 *(.fini_array)
                0x0000000008000378                PROVIDE (__fini_array_end, .)

.flashtext
 *(.flashtext .flashtext.*)

.text           0x0000000008000378     0x1e8b
 *(.text .text.*)
 .text._exit    0x0000000008000378        0x2 ./system/src/newlib/_exit.o
                0x0000000008000378                _exit
 *fill*         0x000000000800037a        0x2 
 .text._sbrk    0x000000000800037c       0x44 ./system/src/newlib/_sbrk.o
                0x000000000800037c                _sbrk
 .text.__initialize_args
                0x00000000080003c0       0x10 ./system/src/newlib/_syscalls.o
                0x00000000080003c0                __initialize_args
 .text.trace_printf
                0x00000000080003d0       0x30 ./system/src/diag/Trace.o
                0x00000000080003d0                trace_printf
 .text._trace_write_semihosting_debug
                0x0000000008000400       0x60 ./system/src/diag/trace_impl.o
 .text.trace_write
                0x0000000008000460        0x8 ./system/src/diag/trace_impl.o
                0x0000000008000460                trace_write
 .text.__initialize_hardware_early
                0x0000000008000468       0x18 ./system/src/cortexm/_initialize_hardware.o
                0x0000000008000468                __initialize_hardware_early
 .text.__initialize_hardware
                0x0000000008000480        0x8 ./system/src/cortexm/_initialize_hardware.o
                0x0000000008000480                __initialize_hardware
 .text.dumpExceptionStack
                0x0000000008000488       0xf4 ./system/src/cortexm/exception_handlers.o
                0x0000000008000488                dumpExceptionStack
 .text.isSemihosting
                0x000000000800057c       0x20 ./system/src/cortexm/exception_handlers.o
                0x000000000800057c                isSemihosting
 .text.SetSysClockTo72
                0x000000000800059c       0xc4 ./system/src/cmsis/system_stm32f10x.o
 .text.SetSysClock
                0x0000000008000660        0x8 ./system/src/cmsis/system_stm32f10x.o
 .text.SystemInit
                0x0000000008000668       0x50 ./system/src/cmsis/system_stm32f10x.o
                0x0000000008000668                SystemInit
 .text.SystemCoreClockUpdate
                0x00000000080006b8       0x94 ./system/src/cmsis/system_stm32f10x.o
                0x00000000080006b8                SystemCoreClockUpdate
 *fill*         0x000000000800074c        0x4 
 .text._Z9_delay_usm
                0x0000000008000750       0x30 ./src/main.o
                0x0000000008000750                _delay_us(unsigned long)
 .text._Z9_delay_msm
                0x0000000008000780       0x10 ./src/main.o
                0x0000000008000780                _delay_ms(unsigned long)
 .text._Z11LCD_Commandh
                0x0000000008000790       0x7c ./src/main.o
                0x0000000008000790                LCD_Command(unsigned char)
 .text._Z8LCD_Initv
                0x000000000800080c       0x8c ./src/main.o
                0x000000000800080c                LCD_Init()
 .text._Z8LCD_Charh
                0x0000000008000898       0x70 ./src/main.o
                0x0000000008000898                LCD_Char(unsigned char)
 .text._Z9LCD_printPKc
                0x0000000008000908       0x18 ./src/main.o
                0x0000000008000908                LCD_print(char const*)
 .text._Z9LCD_clearv
                0x0000000008000920       0x10 ./src/main.o
                0x0000000008000920                LCD_clear()
 .text._Z8Delay_msi
                0x0000000008000930       0x16 ./src/main.o
                0x0000000008000930                Delay_ms(int)
 .text._Z17LCD_shift_to_leftii
                0x0000000008000946       0x1e ./src/main.o
                0x0000000008000946                LCD_shift_to_left(int, int)
 .text._Z21LCD_set_DDRAM_addressi
                0x0000000008000964       0x12 ./src/main.o
                0x0000000008000964                LCD_set_DDRAM_address(int)
 .text._Z18LCD_go_to_locationhh
                0x0000000008000976       0x22 ./src/main.o
                0x0000000008000976                LCD_go_to_location(unsigned char, unsigned char)
 .text._Z20LCD_print_ToLocationhhPKc
                0x0000000008000998       0x10 ./src/main.o
                0x0000000008000998                LCD_print_ToLocation(unsigned char, unsigned char, char const*)
 .text._Z26LCD_printDouble_toLocationhhfiib
                0x00000000080009a8       0xa0 ./src/main.o
                0x00000000080009a8                LCD_printDouble_toLocation(unsigned char, unsigned char, float, int, int, bool)
 .text._Z8LCD_Testv
                0x0000000008000a48      0x100 ./src/main.o
                0x0000000008000a48                LCD_Test()
 .text.main     0x0000000008000b48        0xc ./src/main.o
                0x0000000008000b48                main
 .text          0x0000000008000b54      0x378 c:/users/legen/appdata/roaming/xpacks/@gnu-mcu-eclipse/arm-none-eabi-gcc/7.2.1-1.1.5/.content/bin/../lib/gcc/arm-none-eabi/7.2.1/thumb/v7-m\libgcc.a(_arm_addsubdf3.o)
                0x0000000008000b54                __aeabi_drsub
                0x0000000008000b5c                __aeabi_dsub
                0x0000000008000b5c                __subdf3
                0x0000000008000b60                __aeabi_dadd
                0x0000000008000b60                __adddf3
                0x0000000008000dd8                __floatunsidf
                0x0000000008000dd8                __aeabi_ui2d
                0x0000000008000df8                __floatsidf
                0x0000000008000df8                __aeabi_i2d
                0x0000000008000e1c                __aeabi_f2d
                0x0000000008000e1c                __extendsfdf2
                0x0000000008000e60                __floatundidf
                0x0000000008000e60                __aeabi_ul2d
                0x0000000008000e70                __floatdidf
                0x0000000008000e70                __aeabi_l2d
 .text          0x0000000008000ecc      0x424 c:/users/legen/appdata/roaming/xpacks/@gnu-mcu-eclipse/arm-none-eabi-gcc/7.2.1-1.1.5/.content/bin/../lib/gcc/arm-none-eabi/7.2.1/thumb/v7-m\libgcc.a(_arm_muldivdf3.o)
                0x0000000008000ecc                __aeabi_dmul
                0x0000000008000ecc                __muldf3
                0x0000000008001120                __divdf3
                0x0000000008001120                __aeabi_ddiv
 .text          0x00000000080012f0      0x110 c:/users/legen/appdata/roaming/xpacks/@gnu-mcu-eclipse/arm-none-eabi-gcc/7.2.1-1.1.5/.content/bin/../lib/gcc/arm-none-eabi/7.2.1/thumb/v7-m\libgcc.a(_arm_cmpdf2.o)
                0x00000000080012f0                __gtdf2
                0x00000000080012f0                __gedf2
                0x00000000080012f8                __ltdf2
                0x00000000080012f8                __ledf2
                0x0000000008001300                __nedf2
                0x0000000008001300                __eqdf2
                0x0000000008001300                __cmpdf2
                0x000000000800137c                __aeabi_cdrcmple
                0x000000000800138c                __aeabi_cdcmpeq
                0x000000000800138c                __aeabi_cdcmple
                0x000000000800139c                __aeabi_dcmpeq
                0x00000000080013b0                __aeabi_dcmplt
                0x00000000080013c4                __aeabi_dcmple
                0x00000000080013d8                __aeabi_dcmpge
                0x00000000080013ec                __aeabi_dcmpgt
 .text          0x0000000008001400       0x50 c:/users/legen/appdata/roaming/xpacks/@gnu-mcu-eclipse/arm-none-eabi-gcc/7.2.1-1.1.5/.content/bin/../lib/gcc/arm-none-eabi/7.2.1/thumb/v7-m\libgcc.a(_arm_fixdfsi.o)
                0x0000000008001400                __aeabi_d2iz
                0x0000000008001400                __fixdfsi
 .text          0x0000000008001450       0x40 c:/users/legen/appdata/roaming/xpacks/@gnu-mcu-eclipse/arm-none-eabi-gcc/7.2.1-1.1.5/.content/bin/../lib/gcc/arm-none-eabi/7.2.1/thumb/v7-m\libgcc.a(_arm_fixunsdfsi.o)
                0x0000000008001450                __aeabi_d2uiz
                0x0000000008001450                __fixunsdfsi
 .text          0x0000000008001490       0xa0 c:/users/legen/appdata/roaming/xpacks/@gnu-mcu-eclipse/arm-none-eabi-gcc/7.2.1-1.1.5/.content/bin/../lib/gcc/arm-none-eabi/7.2.1/thumb/v7-m\libgcc.a(_arm_truncdfsf2.o)
                0x0000000008001490                __truncdfsf2
                0x0000000008001490                __aeabi_d2f
 .text          0x0000000008001530      0x21c c:/users/legen/appdata/roaming/xpacks/@gnu-mcu-eclipse/arm-none-eabi-gcc/7.2.1-1.1.5/.content/bin/../lib/gcc/arm-none-eabi/7.2.1/thumb/v7-m\libgcc.a(_arm_addsubsf3.o)
                0x0000000008001530                __aeabi_frsub
                0x0000000008001538                __subsf3
                0x0000000008001538                __aeabi_fsub
                0x000000000800153c                __aeabi_fadd
                0x000000000800153c                __addsf3
                0x000000000800169c                __aeabi_ui2f
                0x000000000800169c                __floatunsisf
                0x00000000080016a4                __aeabi_i2f
                0x00000000080016a4                __floatsisf
                0x00000000080016c0                __aeabi_ul2f
                0x00000000080016c0                __floatundisf
                0x00000000080016d0                __aeabi_l2f
                0x00000000080016d0                __floatdisf
 .text          0x000000000800174c       0x4c c:/users/legen/appdata/roaming/xpacks/@gnu-mcu-eclipse/arm-none-eabi-gcc/7.2.1-1.1.5/.content/bin/../lib/gcc/arm-none-eabi/7.2.1/thumb/v7-m\libgcc.a(_arm_fixsfsi.o)
                0x000000000800174c                __aeabi_f2iz
                0x000000000800174c                __fixsfsi
 .text.__errno  0x0000000008001798        0xc c:/users/legen/appdata/roaming/xpacks/@gnu-mcu-eclipse/arm-none-eabi-gcc/7.2.1-1.1.5/.content/bin/../lib/gcc/arm-none-eabi/7.2.1/../../../../arm-none-eabi/lib/thumb/v7-m\libg_nano.a(lib_a-errno.o)
                0x0000000008001798                __errno
 .text.sprintf  0x00000000080017a4       0x40 c:/users/legen/appdata/roaming/xpacks/@gnu-mcu-eclipse/arm-none-eabi-gcc/7.2.1-1.1.5/.content/bin/../lib/gcc/arm-none-eabi/7.2.1/../../../../arm-none-eabi/lib/thumb/v7-m\libg_nano.a(lib_a-sprintf.o)
                0x00000000080017a4                siprintf
                0x00000000080017a4                sprintf
 .text._vsnprintf_r
                0x00000000080017e4       0x58 c:/users/legen/appdata/roaming/xpacks/@gnu-mcu-eclipse/arm-none-eabi-gcc/7.2.1-1.1.5/.content/bin/../lib/gcc/arm-none-eabi/7.2.1/../../../../arm-none-eabi/lib/thumb/v7-m\libg_nano.a(lib_a-vsnprintf.o)
                0x00000000080017e4                _vsniprintf_r
                0x00000000080017e4                _vsnprintf_r
 .text.vsnprintf
                0x000000000800183c       0x1c c:/users/legen/appdata/roaming/xpacks/@gnu-mcu-eclipse/arm-none-eabi-gcc/7.2.1-1.1.5/.content/bin/../lib/gcc/arm-none-eabi/7.2.1/../../../../arm-none-eabi/lib/thumb/v7-m\libg_nano.a(lib_a-vsnprintf.o)
                0x000000000800183c                vsniprintf
                0x000000000800183c                vsnprintf
 .text.__ssputs_r
                0x0000000008001858       0xb4 c:/users/legen/appdata/roaming/xpacks/@gnu-mcu-eclipse/arm-none-eabi-gcc/7.2.1-1.1.5/.content/bin/../lib/gcc/arm-none-eabi/7.2.1/../../../../arm-none-eabi/lib/thumb/v7-m\libg_nano.a(lib_a-nano-svfprintf.o)
                0x0000000008001858                __ssputs_r
 .text._svfprintf_r
                0x000000000800190c      0x1ec c:/users/legen/appdata/roaming/xpacks/@gnu-mcu-eclipse/arm-none-eabi-gcc/7.2.1-1.1.5/.content/bin/../lib/gcc/arm-none-eabi/7.2.1/../../../../arm-none-eabi/lib/thumb/v7-m\libg_nano.a(lib_a-nano-svfprintf.o)
                0x000000000800190c                _svfiprintf_r
                0x000000000800190c                _svfprintf_r
 .text._printf_common
                0x0000000008001af8       0xec c:/users/legen/appdata/roaming/xpacks/@gnu-mcu-eclipse/arm-none-eabi-gcc/7.2.1-1.1.5/.content/bin/../lib/gcc/arm-none-eabi/7.2.1/../../../../arm-none-eabi/lib/thumb/v7-m\libg_nano.a(lib_a-nano-vfprintf_i.o)
                0x0000000008001af8                _printf_common
 .text._printf_i
                0x0000000008001be4      0x224 c:/users/legen/appdata/roaming/xpacks/@gnu-mcu-eclipse/arm-none-eabi-gcc/7.2.1-1.1.5/.content/bin/../lib/gcc/arm-none-eabi/7.2.1/../../../../arm-none-eabi/lib/thumb/v7-m\libg_nano.a(lib_a-nano-vfprintf_i.o)
                0x0000000008001be4                _printf_i
 .text.memchr   0x0000000008001e08       0x1c c:/users/legen/appdata/roaming/xpacks/@gnu-mcu-eclipse/arm-none-eabi-gcc/7.2.1-1.1.5/.content/bin/../lib/gcc/arm-none-eabi/7.2.1/../../../../arm-none-eabi/lib/thumb/v7-m\libg_nano.a(lib_a-memchr-stub.o)
                0x0000000008001e08                memchr
 .text.memcpy   0x0000000008001e24       0x16 c:/users/legen/appdata/roaming/xpacks/@gnu-mcu-eclipse/arm-none-eabi-gcc/7.2.1-1.1.5/.content/bin/../lib/gcc/arm-none-eabi/7.2.1/../../../../arm-none-eabi/lib/thumb/v7-m\libg_nano.a(lib_a-memcpy-stub.o)
                0x0000000008001e24                memcpy
 .text.memmove  0x0000000008001e3a       0x32 c:/users/legen/appdata/roaming/xpacks/@gnu-mcu-eclipse/arm-none-eabi-gcc/7.2.1-1.1.5/.content/bin/../lib/gcc/arm-none-eabi/7.2.1/../../../../arm-none-eabi/lib/thumb/v7-m\libg_nano.a(lib_a-memmove.o)
                0x0000000008001e3a                memmove
 .text._free_r  0x0000000008001e6c       0x98 c:/users/legen/appdata/roaming/xpacks/@gnu-mcu-eclipse/arm-none-eabi-gcc/7.2.1-1.1.5/.content/bin/../lib/gcc/arm-none-eabi/7.2.1/../../../../arm-none-eabi/lib/thumb/v7-m\libg_nano.a(lib_a-nano-freer.o)
                0x0000000008001e6c                _free_r
 .text._malloc_r
                0x0000000008001f04       0xb4 c:/users/legen/appdata/roaming/xpacks/@gnu-mcu-eclipse/arm-none-eabi-gcc/7.2.1-1.1.5/.content/bin/../lib/gcc/arm-none-eabi/7.2.1/../../../../arm-none-eabi/lib/thumb/v7-m\libg_nano.a(lib_a-nano-mallocr.o)
                0x0000000008001f04                _malloc_r
 .text._realloc_r
                0x0000000008001fb8       0x4c c:/users/legen/appdata/roaming/xpacks/@gnu-mcu-eclipse/arm-none-eabi-gcc/7.2.1-1.1.5/.content/bin/../lib/gcc/arm-none-eabi/7.2.1/../../../../arm-none-eabi/lib/thumb/v7-m\libg_nano.a(lib_a-nano-reallocr.o)
                0x0000000008001fb8                _realloc_r
 .text._sbrk_r  0x0000000008002004       0x20 c:/users/legen/appdata/roaming/xpacks/@gnu-mcu-eclipse/arm-none-eabi-gcc/7.2.1-1.1.5/.content/bin/../lib/gcc/arm-none-eabi/7.2.1/../../../../arm-none-eabi/lib/thumb/v7-m\libg_nano.a(lib_a-sbrkr.o)
                0x0000000008002004                _sbrk_r
 .text.__malloc_lock
                0x0000000008002024        0x2 c:/users/legen/appdata/roaming/xpacks/@gnu-mcu-eclipse/arm-none-eabi-gcc/7.2.1-1.1.5/.content/bin/../lib/gcc/arm-none-eabi/7.2.1/../../../../arm-none-eabi/lib/thumb/v7-m\libg_nano.a(lib_a-mlock.o)
                0x0000000008002024                __malloc_lock
 .text.__malloc_unlock
                0x0000000008002026        0x2 c:/users/legen/appdata/roaming/xpacks/@gnu-mcu-eclipse/arm-none-eabi-gcc/7.2.1-1.1.5/.content/bin/../lib/gcc/arm-none-eabi/7.2.1/../../../../arm-none-eabi/lib/thumb/v7-m\libg_nano.a(lib_a-mlock.o)
                0x0000000008002026                __malloc_unlock
 .text._malloc_usable_size_r
                0x0000000008002028       0x10 c:/users/legen/appdata/roaming/xpacks/@gnu-mcu-eclipse/arm-none-eabi-gcc/7.2.1-1.1.5/.content/bin/../lib/gcc/arm-none-eabi/7.2.1/../../../../arm-none-eabi/lib/thumb/v7-m\libg_nano.a(lib_a-nano-msizer.o)
                0x0000000008002028                _malloc_usable_size_r
 *(.rodata .rodata.* .constdata .constdata.*)
 .rodata.dumpExceptionStack.str1.4
                0x0000000008002038      0x11a ./system/src/cortexm/exception_handlers.o
 *fill*         0x0000000008002152        0x2 
 .rodata.str1.4
                0x0000000008002154       0x2a ./system/src/cortexm/exception_handlers.o
 *fill*         0x000000000800217e        0x2 
 .rodata._Z23LCD_printInt_toLocationhhiibc.str1.4
                0x0000000008002180        0x6 ./src/main.o
 *fill*         0x0000000008002186        0x2 
 .rodata._Z26LCD_printDouble_toLocationhhfiib.str1.4
                0x0000000008002188        0x2 ./src/main.o
 *fill*         0x000000000800218a        0x2 
 .rodata._Z8LCD_Testv.str1.4
                0x000000000800218c       0x44 ./src/main.o
                                         0x41 (size before relaxing)
 .rodata._svfprintf_r.str1.1
                0x00000000080021d0       0x11 c:/users/legen/appdata/roaming/xpacks/@gnu-mcu-eclipse/arm-none-eabi-gcc/7.2.1-1.1.5/.content/bin/../lib/gcc/arm-none-eabi/7.2.1/../../../../arm-none-eabi/lib/thumb/v7-m\libg_nano.a(lib_a-nano-svfprintf.o)
 .rodata._printf_i.str1.1
                0x00000000080021e1       0x22 c:/users/legen/appdata/roaming/xpacks/@gnu-mcu-eclipse/arm-none-eabi-gcc/7.2.1-1.1.5/.content/bin/../lib/gcc/arm-none-eabi/7.2.1/../../../../arm-none-eabi/lib/thumb/v7-m\libg_nano.a(lib_a-nano-vfprintf_i.o)
 *(vtable)
 *(.eh_frame*)
 *(.glue_7)
 .glue_7        0x0000000008002203        0x0 linker stubs
 *(.glue_7t)
 .glue_7t       0x0000000008002203        0x0 linker stubs

.vfp11_veneer   0x0000000008002204        0x0
 .vfp11_veneer  0x0000000008002204        0x0 linker stubs

.v4_bx          0x0000000008002204        0x0
 .v4_bx         0x0000000008002204        0x0 linker stubs

.iplt           0x0000000008002204        0x0
 .iplt          0x0000000008002204        0x0 ./system/src/newlib/_exit.o

.rel.dyn        0x0000000008002204        0x0
 .rel.iplt      0x0000000008002204        0x0 ./system/src/newlib/_exit.o

.ARM.extab
 *(.ARM.extab* .gnu.linkonce.armextab.*)
                0x0000000008002204                . = ALIGN (0x4)
                0x0000000008002204                __exidx_start = .

.ARM.exidx
 *(.ARM.exidx* .gnu.linkonce.armexidx.*)
                0x0000000008002204                __exidx_end = .
                0x0000000008002204                . = ALIGN (0x4)
                0x0000000008002204                _etext = .
                0x0000000008002204                __etext = .

.data_CCMRAM    0x0000000000000000        0x0 load address 0x0000000008002204
 FILL mask 0xff
 *(.data.CCMRAM .data.CCMRAM.*)
                0x0000000000000000                . = ALIGN (0x4)
                0x0000000008002204                _sidata = LOADADDR (.data)

.data           0x0000000020000000       0x88 load address 0x0000000008002204
 FILL mask 0xff
                0x0000000020000000                _sdata = .
                0x0000000020000000                __data_start__ = .
 *(.data_begin .data_begin.*)
 .data_begin    0x0000000020000000        0x4 ./system/src/newlib/_startup.o
 *(.data .data.*)
 .data.argv.4310
                0x0000000020000004        0x8 ./system/src/newlib/_syscalls.o
 .data.AHBPrescTable
                0x000000002000000c       0x10 ./system/src/cmsis/system_stm32f10x.o
                0x000000002000000c                AHBPrescTable
 .data.SystemCoreClock
                0x000000002000001c        0x4 ./system/src/cmsis/system_stm32f10x.o
                0x000000002000001c                SystemCoreClock
 .data._impure_ptr
                0x0000000020000020        0x4 c:/users/legen/appdata/roaming/xpacks/@gnu-mcu-eclipse/arm-none-eabi-gcc/7.2.1-1.1.5/.content/bin/../lib/gcc/arm-none-eabi/7.2.1/../../../../arm-none-eabi/lib/thumb/v7-m\libg_nano.a(lib_a-impure.o)
                0x0000000020000020                _impure_ptr
 .data.impure_data
                0x0000000020000024       0x60 c:/users/legen/appdata/roaming/xpacks/@gnu-mcu-eclipse/arm-none-eabi-gcc/7.2.1-1.1.5/.content/bin/../lib/gcc/arm-none-eabi/7.2.1/../../../../arm-none-eabi/lib/thumb/v7-m\libg_nano.a(lib_a-impure.o)
 *(.data_end .data_end.*)
 .data_end      0x0000000020000084        0x4 ./system/src/newlib/_startup.o
                0x0000000020000088                . = ALIGN (0x4)
                0x0000000020000088                _edata = .
                0x0000000020000088                __data_end__ = .

.igot.plt       0x0000000020000088        0x0 load address 0x000000000800228c
 .igot.plt      0x0000000020000088        0x0 ./system/src/newlib/_exit.o

.bss_CCMRAM     0x0000000000000000        0x0
 *(.bss.CCMRAM .bss.CCMRAM.*)

.bss            0x0000000020000088       0x9c
                0x0000000020000088                __bss_start__ = .
                0x0000000020000088                _sbss = .
 *(.bss_begin .bss_begin.*)
 .bss_begin     0x0000000020000088        0x4 ./system/src/newlib/_startup.o
 *(.bss .bss.*)
 .bss.current_heap_end.3961
                0x000000002000008c        0x4 ./system/src/newlib/_sbrk.o
 .bss.name.4309
                0x0000000020000090        0x1 ./system/src/newlib/_syscalls.o
 *fill*         0x0000000020000091        0x3 
 .bss.buf.5205  0x0000000020000094       0x80 ./system/src/diag/Trace.o
 .bss.__malloc_free_list
                0x0000000020000114        0x4 c:/users/legen/appdata/roaming/xpacks/@gnu-mcu-eclipse/arm-none-eabi-gcc/7.2.1-1.1.5/.content/bin/../lib/gcc/arm-none-eabi/7.2.1/../../../../arm-none-eabi/lib/thumb/v7-m\libg_nano.a(lib_a-nano-mallocr.o)
                0x0000000020000114                __malloc_free_list
 .bss.__malloc_sbrk_start
                0x0000000020000118        0x4 c:/users/legen/appdata/roaming/xpacks/@gnu-mcu-eclipse/arm-none-eabi-gcc/7.2.1-1.1.5/.content/bin/../lib/gcc/arm-none-eabi/7.2.1/../../../../arm-none-eabi/lib/thumb/v7-m\libg_nano.a(lib_a-nano-mallocr.o)
                0x0000000020000118                __malloc_sbrk_start
 *(COMMON)
 COMMON         0x000000002000011c        0x4 ./system/src/newlib/_syscalls.o
                0x000000002000011c                errno
 *(.bss_end .bss_end.*)
 .bss_end       0x0000000020000120        0x4 ./system/src/newlib/_startup.o
                0x0000000020000124                . = ALIGN (0x4)
                0x0000000020000124                __bss_end__ = .
                0x0000000020000124                _ebss = .

.noinit_CCMRAM
 *(.noinit.CCMRAM .noinit.CCMRAM.*)

.noinit         0x0000000020000124        0x0
                0x0000000020000124                _noinit = .
 *(.noinit .noinit.*)
                0x0000000020000124                . = ALIGN (0x4)
                0x0000000020000124                _end_noinit = .
                [!provide]                        PROVIDE (end, _end_noinit)
                [!provide]                        PROVIDE (_end, _end_noinit)
                [!provide]                        PROVIDE (__end, _end_noinit)
                [!provide]                        PROVIDE (__end__, _end_noinit)

._check_stack   0x0000000020000124      0x100
                0x0000000020000224                . = (. + _Minimum_Stack_Size)
 *fill*         0x0000000020000124      0x100 

.b1text
 *(.b1text)
 *(.b1rodata)
 *(.b1rodata.*)

.eb0text
 *(.eb0text)
 *(.eb0rodata)
 *(.eb0rodata.*)

.eb1text
 *(.eb1text)
 *(.eb1rodata)
 *(.eb1rodata.*)

.eb2text
 *(.eb2text)
 *(.eb2rodata)
 *(.eb2rodata.*)

.eb3text
 *(.eb3text)
 *(.eb3rodata)
 *(.eb3rodata.*)

.stab
 *(.stab)

.stabstr
 *(.stabstr)

.stab.excl
 *(.stab.excl)

.stab.exclstr
 *(.stab.exclstr)

.stab.index
 *(.stab.index)

.stab.indexstr
 *(.stab.indexstr)

.comment        0x0000000000000000       0x72
 *(.comment)
 .comment       0x0000000000000000       0x72 ./system/src/newlib/_exit.o
                                         0x73 (size before relaxing)
 .comment       0x0000000000000072       0x73 ./system/src/newlib/_sbrk.o
 .comment       0x0000000000000072       0x73 ./system/src/newlib/_startup.o
 .comment       0x0000000000000072       0x73 ./system/src/newlib/_syscalls.o
 .comment       0x0000000000000072       0x73 ./system/src/diag/Trace.o
 .comment       0x0000000000000072       0x73 ./system/src/diag/trace_impl.o
 .comment       0x0000000000000072       0x73 ./system/src/cortexm/_initialize_hardware.o
 .comment       0x0000000000000072       0x73 ./system/src/cortexm/exception_handlers.o
 .comment       0x0000000000000072       0x73 ./system/src/cmsis/system_stm32f10x.o
 .comment       0x0000000000000072       0x73 ./system/src/cmsis/vectors_stm32f10x.o
 .comment       0x0000000000000072       0x73 ./src/main.o

.ARM.attributes
                0x0000000000000000       0x31
 .ARM.attributes
                0x0000000000000000       0x33 ./system/src/newlib/_exit.o
 .ARM.attributes
                0x0000000000000033       0x33 ./system/src/newlib/_sbrk.o
 .ARM.attributes
                0x0000000000000066       0x33 ./system/src/newlib/_startup.o
 .ARM.attributes
                0x0000000000000099       0x33 ./system/src/newlib/_syscalls.o
 .ARM.attributes
                0x00000000000000cc       0x33 ./system/src/diag/Trace.o
 .ARM.attributes
                0x00000000000000ff       0x33 ./system/src/diag/trace_impl.o
 .ARM.attributes
                0x0000000000000132       0x33 ./system/src/cortexm/_initialize_hardware.o
 .ARM.attributes
                0x0000000000000165       0x33 ./system/src/cortexm/exception_handlers.o
 .ARM.attributes
                0x0000000000000198       0x33 ./system/src/cmsis/system_stm32f10x.o
 .ARM.attributes
                0x00000000000001cb       0x33 ./system/src/cmsis/vectors_stm32f10x.o
 .ARM.attributes
                0x00000000000001fe       0x33 ./src/main.o
 .ARM.attributes
                0x0000000000000231       0x1d c:/users/legen/appdata/roaming/xpacks/@gnu-mcu-eclipse/arm-none-eabi-gcc/7.2.1-1.1.5/.content/bin/../lib/gcc/arm-none-eabi/7.2.1/thumb/v7-m\libgcc.a(_arm_addsubdf3.o)
 .ARM.attributes
                0x000000000000024e       0x1d c:/users/legen/appdata/roaming/xpacks/@gnu-mcu-eclipse/arm-none-eabi-gcc/7.2.1-1.1.5/.content/bin/../lib/gcc/arm-none-eabi/7.2.1/thumb/v7-m\libgcc.a(_arm_muldivdf3.o)
 .ARM.attributes
                0x000000000000026b       0x1d c:/users/legen/appdata/roaming/xpacks/@gnu-mcu-eclipse/arm-none-eabi-gcc/7.2.1-1.1.5/.content/bin/../lib/gcc/arm-none-eabi/7.2.1/thumb/v7-m\libgcc.a(_arm_cmpdf2.o)
 .ARM.attributes
                0x0000000000000288       0x1d c:/users/legen/appdata/roaming/xpacks/@gnu-mcu-eclipse/arm-none-eabi-gcc/7.2.1-1.1.5/.content/bin/../lib/gcc/arm-none-eabi/7.2.1/thumb/v7-m\libgcc.a(_arm_fixdfsi.o)
 .ARM.attributes
                0x00000000000002a5       0x1d c:/users/legen/appdata/roaming/xpacks/@gnu-mcu-eclipse/arm-none-eabi-gcc/7.2.1-1.1.5/.content/bin/../lib/gcc/arm-none-eabi/7.2.1/thumb/v7-m\libgcc.a(_arm_fixunsdfsi.o)
 .ARM.attributes
                0x00000000000002c2       0x1d c:/users/legen/appdata/roaming/xpacks/@gnu-mcu-eclipse/arm-none-eabi-gcc/7.2.1-1.1.5/.content/bin/../lib/gcc/arm-none-eabi/7.2.1/thumb/v7-m\libgcc.a(_arm_truncdfsf2.o)
 .ARM.attributes
                0x00000000000002df       0x1d c:/users/legen/appdata/roaming/xpacks/@gnu-mcu-eclipse/arm-none-eabi-gcc/7.2.1-1.1.5/.content/bin/../lib/gcc/arm-none-eabi/7.2.1/thumb/v7-m\libgcc.a(_arm_addsubsf3.o)
 .ARM.attributes
                0x00000000000002fc       0x1d c:/users/legen/appdata/roaming/xpacks/@gnu-mcu-eclipse/arm-none-eabi-gcc/7.2.1-1.1.5/.content/bin/../lib/gcc/arm-none-eabi/7.2.1/thumb/v7-m\libgcc.a(_arm_fixsfsi.o)
 .ARM.attributes
                0x0000000000000319       0x2d c:/users/legen/appdata/roaming/xpacks/@gnu-mcu-eclipse/arm-none-eabi-gcc/7.2.1-1.1.5/.content/bin/../lib/gcc/arm-none-eabi/7.2.1/../../../../arm-none-eabi/lib/thumb/v7-m\libg_nano.a(lib_a-errno.o)
 .ARM.attributes
                0x0000000000000346       0x2d c:/users/legen/appdata/roaming/xpacks/@gnu-mcu-eclipse/arm-none-eabi-gcc/7.2.1-1.1.5/.content/bin/../lib/gcc/arm-none-eabi/7.2.1/../../../../arm-none-eabi/lib/thumb/v7-m\libg_nano.a(lib_a-impure.o)
 .ARM.attributes
                0x0000000000000373       0x2d c:/users/legen/appdata/roaming/xpacks/@gnu-mcu-eclipse/arm-none-eabi-gcc/7.2.1-1.1.5/.content/bin/../lib/gcc/arm-none-eabi/7.2.1/../../../../arm-none-eabi/lib/thumb/v7-m\libg_nano.a(lib_a-sprintf.o)
 .ARM.attributes
                0x00000000000003a0       0x2d c:/users/legen/appdata/roaming/xpacks/@gnu-mcu-eclipse/arm-none-eabi-gcc/7.2.1-1.1.5/.content/bin/../lib/gcc/arm-none-eabi/7.2.1/../../../../arm-none-eabi/lib/thumb/v7-m\libg_nano.a(lib_a-vsnprintf.o)
 .ARM.attributes
                0x00000000000003cd       0x2d c:/users/legen/appdata/roaming/xpacks/@gnu-mcu-eclipse/arm-none-eabi-gcc/7.2.1-1.1.5/.content/bin/../lib/gcc/arm-none-eabi/7.2.1/../../../../arm-none-eabi/lib/thumb/v7-m\libg_nano.a(lib_a-nano-svfprintf.o)
 .ARM.attributes
                0x00000000000003fa       0x2d c:/users/legen/appdata/roaming/xpacks/@gnu-mcu-eclipse/arm-none-eabi-gcc/7.2.1-1.1.5/.content/bin/../lib/gcc/arm-none-eabi/7.2.1/../../../../arm-none-eabi/lib/thumb/v7-m\libg_nano.a(lib_a-nano-vfprintf_i.o)
 .ARM.attributes
                0x0000000000000427       0x2d c:/users/legen/appdata/roaming/xpacks/@gnu-mcu-eclipse/arm-none-eabi-gcc/7.2.1-1.1.5/.content/bin/../lib/gcc/arm-none-eabi/7.2.1/../../../../arm-none-eabi/lib/thumb/v7-m\libg_nano.a(lib_a-memchr-stub.o)
 .ARM.attributes
                0x0000000000000454       0x2d c:/users/legen/appdata/roaming/xpacks/@gnu-mcu-eclipse/arm-none-eabi-gcc/7.2.1-1.1.5/.content/bin/../lib/gcc/arm-none-eabi/7.2.1/../../../../arm-none-eabi/lib/thumb/v7-m\libg_nano.a(lib_a-memcpy-stub.o)
 .ARM.attributes
                0x0000000000000481       0x2d c:/users/legen/appdata/roaming/xpacks/@gnu-mcu-eclipse/arm-none-eabi-gcc/7.2.1-1.1.5/.content/bin/../lib/gcc/arm-none-eabi/7.2.1/../../../../arm-none-eabi/lib/thumb/v7-m\libg_nano.a(lib_a-memmove.o)
 .ARM.attributes
                0x00000000000004ae       0x2d c:/users/legen/appdata/roaming/xpacks/@gnu-mcu-eclipse/arm-none-eabi-gcc/7.2.1-1.1.5/.content/bin/../lib/gcc/arm-none-eabi/7.2.1/../../../../arm-none-eabi/lib/thumb/v7-m\libg_nano.a(lib_a-nano-freer.o)
 .ARM.attributes
                0x00000000000004db       0x2d c:/users/legen/appdata/roaming/xpacks/@gnu-mcu-eclipse/arm-none-eabi-gcc/7.2.1-1.1.5/.content/bin/../lib/gcc/arm-none-eabi/7.2.1/../../../../arm-none-eabi/lib/thumb/v7-m\libg_nano.a(lib_a-nano-mallocr.o)
 .ARM.attributes
                0x0000000000000508       0x2d c:/users/legen/appdata/roaming/xpacks/@gnu-mcu-eclipse/arm-none-eabi-gcc/7.2.1-1.1.5/.content/bin/../lib/gcc/arm-none-eabi/7.2.1/../../../../arm-none-eabi/lib/thumb/v7-m\libg_nano.a(lib_a-nano-reallocr.o)
 .ARM.attributes
                0x0000000000000535       0x2d c:/users/legen/appdata/roaming/xpacks/@gnu-mcu-eclipse/arm-none-eabi-gcc/7.2.1-1.1.5/.content/bin/../lib/gcc/arm-none-eabi/7.2.1/../../../../arm-none-eabi/lib/thumb/v7-m\libg_nano.a(lib_a-sbrkr.o)
 .ARM.attributes
                0x0000000000000562       0x2d c:/users/legen/appdata/roaming/xpacks/@gnu-mcu-eclipse/arm-none-eabi-gcc/7.2.1-1.1.5/.content/bin/../lib/gcc/arm-none-eabi/7.2.1/../../../../arm-none-eabi/lib/thumb/v7-m\libg_nano.a(lib_a-mlock.o)
 .ARM.attributes
                0x000000000000058f       0x2d c:/users/legen/appdata/roaming/xpacks/@gnu-mcu-eclipse/arm-none-eabi-gcc/7.2.1-1.1.5/.content/bin/../lib/gcc/arm-none-eabi/7.2.1/../../../../arm-none-eabi/lib/thumb/v7-m\libg_nano.a(lib_a-nano-msizer.o)

.debug
 *(.debug)

.line
 *(.line)

.debug_srcinfo
 *(.debug_srcinfo)

.debug_sfnames
 *(.debug_sfnames)

.debug_aranges  0x0000000000000000      0x318
 *(.debug_aranges)
 .debug_aranges
                0x0000000000000000       0x28 ./system/src/newlib/_exit.o
 .debug_aranges
                0x0000000000000028       0x20 ./system/src/newlib/_sbrk.o
 .debug_aranges
                0x0000000000000048       0x40 ./system/src/newlib/_startup.o
 .debug_aranges
                0x0000000000000088       0x30 ./system/src/newlib/_syscalls.o
 .debug_aranges
                0x00000000000000b8       0x38 ./system/src/diag/Trace.o
 .debug_aranges
                0x00000000000000f0       0x30 ./system/src/diag/trace_impl.o
 .debug_aranges
                0x0000000000000120       0x28 ./system/src/cortexm/_initialize_hardware.o
 .debug_aranges
                0x0000000000000148       0x90 ./system/src/cortexm/exception_handlers.o
 .debug_aranges
                0x00000000000001d8       0x38 ./system/src/cmsis/system_stm32f10x.o
 .debug_aranges
                0x0000000000000210       0x20 ./system/src/cmsis/vectors_stm32f10x.o
 .debug_aranges
                0x0000000000000230       0xe8 ./src/main.o

.debug_pubnames
 *(.debug_pubnames)

.debug_info     0x0000000000000000     0x5e90
 *(.debug_info .gnu.linkonce.wi.*)
 .debug_info    0x0000000000000000      0x956 ./system/src/newlib/_exit.o
 .debug_info    0x0000000000000956      0x942 ./system/src/newlib/_sbrk.o
 .debug_info    0x0000000000001298      0x42e ./system/src/newlib/_startup.o
 .debug_info    0x00000000000016c6      0xa19 ./system/src/newlib/_syscalls.o
 .debug_info    0x00000000000020df      0xb2a ./system/src/diag/Trace.o
 .debug_info    0x0000000000002c09      0x363 ./system/src/diag/trace_impl.o
 .debug_info    0x0000000000002f6c      0x2b5 ./system/src/cortexm/_initialize_hardware.o
 .debug_info    0x0000000000003221     0x1140 ./system/src/cortexm/exception_handlers.o
 .debug_info    0x0000000000004361      0x494 ./system/src/cmsis/system_stm32f10x.o
 .debug_info    0x00000000000047f5       0xca ./system/src/cmsis/vectors_stm32f10x.o
 .debug_info    0x00000000000048bf     0x15d1 ./src/main.o

.debug_abbrev   0x0000000000000000     0x156c
 *(.debug_abbrev)
 .debug_abbrev  0x0000000000000000      0x1f3 ./system/src/newlib/_exit.o
 .debug_abbrev  0x00000000000001f3      0x1fc ./system/src/newlib/_sbrk.o
 .debug_abbrev  0x00000000000003ef      0x1b3 ./system/src/newlib/_startup.o
 .debug_abbrev  0x00000000000005a2      0x234 ./system/src/newlib/_syscalls.o
 .debug_abbrev  0x00000000000007d6      0x276 ./system/src/diag/Trace.o
 .debug_abbrev  0x0000000000000a4c      0x1e2 ./system/src/diag/trace_impl.o
 .debug_abbrev  0x0000000000000c2e       0xea ./system/src/cortexm/_initialize_hardware.o
 .debug_abbrev  0x0000000000000d18      0x32b ./system/src/cortexm/exception_handlers.o
 .debug_abbrev  0x0000000000001043      0x177 ./system/src/cmsis/system_stm32f10x.o
 .debug_abbrev  0x00000000000011ba       0x9d ./system/src/cmsis/vectors_stm32f10x.o
 .debug_abbrev  0x0000000000001257      0x315 ./src/main.o

.debug_line     0x0000000000000000     0x3580
 *(.debug_line)
 .debug_line    0x0000000000000000      0x3ef ./system/src/newlib/_exit.o
 .debug_line    0x00000000000003ef      0x3a3 ./system/src/newlib/_sbrk.o
 .debug_line    0x0000000000000792      0x45d ./system/src/newlib/_startup.o
 .debug_line    0x0000000000000bef      0x4c6 ./system/src/newlib/_syscalls.o
 .debug_line    0x00000000000010b5      0x46b ./system/src/diag/Trace.o
 .debug_line    0x0000000000001520      0x6d8 ./system/src/diag/trace_impl.o
 .debug_line    0x0000000000001bf8      0x39c ./system/src/cortexm/_initialize_hardware.o
 .debug_line    0x0000000000001f94      0x79a ./system/src/cortexm/exception_handlers.o
 .debug_line    0x000000000000272e      0x40f ./system/src/cmsis/system_stm32f10x.o
 .debug_line    0x0000000000002b3d      0x128 ./system/src/cmsis/vectors_stm32f10x.o
 .debug_line    0x0000000000002c65      0x91b ./src/main.o

.debug_frame    0x0000000000000000      0xd28
 *(.debug_frame)
 .debug_frame   0x0000000000000000       0x38 ./system/src/newlib/_exit.o
 .debug_frame   0x0000000000000038       0x28 ./system/src/newlib/_sbrk.o
 .debug_frame   0x0000000000000060       0x7c ./system/src/newlib/_startup.o
 .debug_frame   0x00000000000000dc       0x50 ./system/src/newlib/_syscalls.o
 .debug_frame   0x000000000000012c       0x94 ./system/src/diag/Trace.o
 .debug_frame   0x00000000000001c0       0x64 ./system/src/diag/trace_impl.o
 .debug_frame   0x0000000000000224       0x40 ./system/src/cortexm/_initialize_hardware.o
 .debug_frame   0x0000000000000264      0x158 ./system/src/cortexm/exception_handlers.o
 .debug_frame   0x00000000000003bc       0x6c ./system/src/cmsis/system_stm32f10x.o
 .debug_frame   0x0000000000000428       0x20 ./system/src/cmsis/vectors_stm32f10x.o
 .debug_frame   0x0000000000000448      0x2e8 ./src/main.o
 .debug_frame   0x0000000000000730       0xac c:/users/legen/appdata/roaming/xpacks/@gnu-mcu-eclipse/arm-none-eabi-gcc/7.2.1-1.1.5/.content/bin/../lib/gcc/arm-none-eabi/7.2.1/thumb/v7-m\libgcc.a(_arm_addsubdf3.o)
 .debug_frame   0x00000000000007dc       0x50 c:/users/legen/appdata/roaming/xpacks/@gnu-mcu-eclipse/arm-none-eabi-gcc/7.2.1-1.1.5/.content/bin/../lib/gcc/arm-none-eabi/7.2.1/thumb/v7-m\libgcc.a(_arm_muldivdf3.o)
 .debug_frame   0x000000000000082c       0xc4 c:/users/legen/appdata/roaming/xpacks/@gnu-mcu-eclipse/arm-none-eabi-gcc/7.2.1-1.1.5/.content/bin/../lib/gcc/arm-none-eabi/7.2.1/thumb/v7-m\libgcc.a(_arm_cmpdf2.o)
 .debug_frame   0x00000000000008f0       0x24 c:/users/legen/appdata/roaming/xpacks/@gnu-mcu-eclipse/arm-none-eabi-gcc/7.2.1-1.1.5/.content/bin/../lib/gcc/arm-none-eabi/7.2.1/thumb/v7-m\libgcc.a(_arm_fixdfsi.o)
 .debug_frame   0x0000000000000914       0x24 c:/users/legen/appdata/roaming/xpacks/@gnu-mcu-eclipse/arm-none-eabi-gcc/7.2.1-1.1.5/.content/bin/../lib/gcc/arm-none-eabi/7.2.1/thumb/v7-m\libgcc.a(_arm_fixunsdfsi.o)
 .debug_frame   0x0000000000000938       0x24 c:/users/legen/appdata/roaming/xpacks/@gnu-mcu-eclipse/arm-none-eabi-gcc/7.2.1-1.1.5/.content/bin/../lib/gcc/arm-none-eabi/7.2.1/thumb/v7-m\libgcc.a(_arm_truncdfsf2.o)
 .debug_frame   0x000000000000095c       0x4c c:/users/legen/appdata/roaming/xpacks/@gnu-mcu-eclipse/arm-none-eabi-gcc/7.2.1-1.1.5/.content/bin/../lib/gcc/arm-none-eabi/7.2.1/thumb/v7-m\libgcc.a(_arm_addsubsf3.o)
 .debug_frame   0x00000000000009a8       0x24 c:/users/legen/appdata/roaming/xpacks/@gnu-mcu-eclipse/arm-none-eabi-gcc/7.2.1-1.1.5/.content/bin/../lib/gcc/arm-none-eabi/7.2.1/thumb/v7-m\libgcc.a(_arm_fixsfsi.o)
 .debug_frame   0x00000000000009cc       0x20 c:/users/legen/appdata/roaming/xpacks/@gnu-mcu-eclipse/arm-none-eabi-gcc/7.2.1-1.1.5/.content/bin/../lib/gcc/arm-none-eabi/7.2.1/../../../../arm-none-eabi/lib/thumb/v7-m\libg_nano.a(lib_a-errno.o)
 .debug_frame   0x00000000000009ec       0x6c c:/users/legen/appdata/roaming/xpacks/@gnu-mcu-eclipse/arm-none-eabi-gcc/7.2.1-1.1.5/.content/bin/../lib/gcc/arm-none-eabi/7.2.1/../../../../arm-none-eabi/lib/thumb/v7-m\libg_nano.a(lib_a-sprintf.o)
 .debug_frame   0x0000000000000a58       0x4c c:/users/legen/appdata/roaming/xpacks/@gnu-mcu-eclipse/arm-none-eabi-gcc/7.2.1-1.1.5/.content/bin/../lib/gcc/arm-none-eabi/7.2.1/../../../../arm-none-eabi/lib/thumb/v7-m\libg_nano.a(lib_a-vsnprintf.o)
 .debug_frame   0x0000000000000aa4       0x90 c:/users/legen/appdata/roaming/xpacks/@gnu-mcu-eclipse/arm-none-eabi-gcc/7.2.1-1.1.5/.content/bin/../lib/gcc/arm-none-eabi/7.2.1/../../../../arm-none-eabi/lib/thumb/v7-m\libg_nano.a(lib_a-nano-svfprintf.o)
 .debug_frame   0x0000000000000b34       0x60 c:/users/legen/appdata/roaming/xpacks/@gnu-mcu-eclipse/arm-none-eabi-gcc/7.2.1-1.1.5/.content/bin/../lib/gcc/arm-none-eabi/7.2.1/../../../../arm-none-eabi/lib/thumb/v7-m\libg_nano.a(lib_a-nano-vfprintf_i.o)
 .debug_frame   0x0000000000000b94       0x28 c:/users/legen/appdata/roaming/xpacks/@gnu-mcu-eclipse/arm-none-eabi-gcc/7.2.1-1.1.5/.content/bin/../lib/gcc/arm-none-eabi/7.2.1/../../../../arm-none-eabi/lib/thumb/v7-m\libg_nano.a(lib_a-memchr-stub.o)
 .debug_frame   0x0000000000000bbc       0x28 c:/users/legen/appdata/roaming/xpacks/@gnu-mcu-eclipse/arm-none-eabi-gcc/7.2.1-1.1.5/.content/bin/../lib/gcc/arm-none-eabi/7.2.1/../../../../arm-none-eabi/lib/thumb/v7-m\libg_nano.a(lib_a-memcpy-stub.o)
 .debug_frame   0x0000000000000be4       0x28 c:/users/legen/appdata/roaming/xpacks/@gnu-mcu-eclipse/arm-none-eabi-gcc/7.2.1-1.1.5/.content/bin/../lib/gcc/arm-none-eabi/7.2.1/../../../../arm-none-eabi/lib/thumb/v7-m\libg_nano.a(lib_a-memmove.o)
 .debug_frame   0x0000000000000c0c       0x38 c:/users/legen/appdata/roaming/xpacks/@gnu-mcu-eclipse/arm-none-eabi-gcc/7.2.1-1.1.5/.content/bin/../lib/gcc/arm-none-eabi/7.2.1/../../../../arm-none-eabi/lib/thumb/v7-m\libg_nano.a(lib_a-nano-freer.o)
 .debug_frame   0x0000000000000c44       0x2c c:/users/legen/appdata/roaming/xpacks/@gnu-mcu-eclipse/arm-none-eabi-gcc/7.2.1-1.1.5/.content/bin/../lib/gcc/arm-none-eabi/7.2.1/../../../../arm-none-eabi/lib/thumb/v7-m\libg_nano.a(lib_a-nano-mallocr.o)
 .debug_frame   0x0000000000000c70       0x3c c:/users/legen/appdata/roaming/xpacks/@gnu-mcu-eclipse/arm-none-eabi-gcc/7.2.1-1.1.5/.content/bin/../lib/gcc/arm-none-eabi/7.2.1/../../../../arm-none-eabi/lib/thumb/v7-m\libg_nano.a(lib_a-nano-reallocr.o)
 .debug_frame   0x0000000000000cac       0x2c c:/users/legen/appdata/roaming/xpacks/@gnu-mcu-eclipse/arm-none-eabi-gcc/7.2.1-1.1.5/.content/bin/../lib/gcc/arm-none-eabi/7.2.1/../../../../arm-none-eabi/lib/thumb/v7-m\libg_nano.a(lib_a-sbrkr.o)
 .debug_frame   0x0000000000000cd8       0x30 c:/users/legen/appdata/roaming/xpacks/@gnu-mcu-eclipse/arm-none-eabi-gcc/7.2.1-1.1.5/.content/bin/../lib/gcc/arm-none-eabi/7.2.1/../../../../arm-none-eabi/lib/thumb/v7-m\libg_nano.a(lib_a-mlock.o)
 .debug_frame   0x0000000000000d08       0x20 c:/users/legen/appdata/roaming/xpacks/@gnu-mcu-eclipse/arm-none-eabi-gcc/7.2.1-1.1.5/.content/bin/../lib/gcc/arm-none-eabi/7.2.1/../../../../arm-none-eabi/lib/thumb/v7-m\libg_nano.a(lib_a-nano-msizer.o)

.debug_str      0x0000000000000000    0x56641
 *(.debug_str)
 .debug_str     0x0000000000000000     0x7d40 ./system/src/newlib/_exit.o
                                       0x7f1e (size before relaxing)
 .debug_str     0x0000000000007d40      0x4f5 ./system/src/newlib/_sbrk.o
                                       0x72d0 (size before relaxing)
 .debug_str     0x0000000000008235      0xbbd ./system/src/newlib/_startup.o
                                       0x6a0b (size before relaxing)
 .debug_str     0x0000000000008df2      0xdec ./system/src/newlib/_syscalls.o
                                       0x8119 (size before relaxing)
 .debug_str     0x0000000000009bde      0x826 ./system/src/diag/Trace.o
                                       0x8696 (size before relaxing)
 .debug_str     0x000000000000a404    0x4b2b9 ./system/src/diag/trace_impl.o
                                      0x52a7c (size before relaxing)
 .debug_str     0x00000000000556bd       0xc4 ./system/src/cortexm/_initialize_hardware.o
                                      0x4e83f (size before relaxing)
 .debug_str     0x0000000000055781      0x1a6 ./system/src/cortexm/exception_handlers.o
                                      0x53ca1 (size before relaxing)
 .debug_str     0x0000000000055927      0x108 ./system/src/cmsis/system_stm32f10x.o
                                      0x4e8d9 (size before relaxing)
 .debug_str     0x0000000000055a2f       0x57 ./system/src/cmsis/vectors_stm32f10x.o
                                       0x387e (size before relaxing)
 .debug_str     0x0000000000055a86      0xbbb ./src/main.o
                                      0x536e2 (size before relaxing)

.debug_loc      0x0000000000000000      0xe3d
 *(.debug_loc)
 .debug_loc     0x0000000000000000       0x85 ./system/src/newlib/_sbrk.o
 .debug_loc     0x0000000000000085      0x1a9 ./system/src/newlib/_startup.o
 .debug_loc     0x000000000000022e       0x63 ./system/src/newlib/_syscalls.o
 .debug_loc     0x0000000000000291       0xf6 ./system/src/diag/Trace.o
 .debug_loc     0x0000000000000387      0x121 ./system/src/diag/trace_impl.o
 .debug_loc     0x00000000000004a8      0x291 ./system/src/cortexm/exception_handlers.o
 .debug_loc     0x0000000000000739       0xdf ./system/src/cmsis/system_stm32f10x.o
 .debug_loc     0x0000000000000818      0x625 ./src/main.o

.debug_macinfo
 *(.debug_macinfo)

.debug_weaknames
 *(.debug_weaknames)

.debug_funcnames
 *(.debug_funcnames)

.debug_typenames
 *(.debug_typenames)

.debug_varnames
 *(.debug_varnames)
OUTPUT(Testing_Things.elf elf32-littlearm)

.debug_ranges   0x0000000000000000      0x2e0
 .debug_ranges  0x0000000000000000       0x18 ./system/src/newlib/_exit.o
 .debug_ranges  0x0000000000000018       0x10 ./system/src/newlib/_sbrk.o
 .debug_ranges  0x0000000000000028       0x78 ./system/src/newlib/_startup.o
 .debug_ranges  0x00000000000000a0       0x20 ./system/src/newlib/_syscalls.o
 .debug_ranges  0x00000000000000c0       0x28 ./system/src/diag/Trace.o
 .debug_ranges  0x00000000000000e8       0x50 ./system/src/diag/trace_impl.o
 .debug_ranges  0x0000000000000138       0x18 ./system/src/cortexm/_initialize_hardware.o
 .debug_ranges  0x0000000000000150       0x80 ./system/src/cortexm/exception_handlers.o
 .debug_ranges  0x00000000000001d0       0x28 ./system/src/cmsis/system_stm32f10x.o
 .debug_ranges  0x00000000000001f8       0x10 ./system/src/cmsis/vectors_stm32f10x.o
 .debug_ranges  0x0000000000000208       0xd8 ./src/main.o

.debug_macro    0x0000000000000000     0x3739
 .debug_macro   0x0000000000000000      0x1b4 ./system/src/newlib/_exit.o
 .debug_macro   0x00000000000001b4       0x9c ./system/src/newlib/_exit.o
 .debug_macro   0x0000000000000250      0x10e ./system/src/newlib/_exit.o
 .debug_macro   0x000000000000035e       0x8d ./system/src/newlib/_exit.o
 .debug_macro   0x00000000000003eb       0x43 ./system/src/newlib/_exit.o
 .debug_macro   0x000000000000042e      0x330 ./system/src/newlib/_exit.o
 .debug_macro   0x000000000000075e       0x35 ./system/src/newlib/_exit.o
 .debug_macro   0x0000000000000793      0x169 ./system/src/newlib/_sbrk.o
 .debug_macro   0x00000000000008fc      0x174 ./system/src/newlib/_sbrk.o
 .debug_macro   0x0000000000000a70       0x10 ./system/src/newlib/_sbrk.o
 .debug_macro   0x0000000000000a80      0x23b ./system/src/newlib/_sbrk.o
 .debug_macro   0x0000000000000cbb      0x173 ./system/src/newlib/_startup.o
 .debug_macro   0x0000000000000e2e      0x1f3 ./system/src/newlib/_syscalls.o
 .debug_macro   0x0000000000001021       0x1c ./system/src/newlib/_syscalls.o
 .debug_macro   0x000000000000103d       0x10 ./system/src/newlib/_syscalls.o
 .debug_macro   0x000000000000104d       0x10 ./system/src/newlib/_syscalls.o
 .debug_macro   0x000000000000105d       0x10 ./system/src/newlib/_syscalls.o
 .debug_macro   0x000000000000106d       0x35 ./system/src/newlib/_syscalls.o
 .debug_macro   0x00000000000010a2      0x122 ./system/src/newlib/_syscalls.o
 .debug_macro   0x00000000000011c4       0x88 ./system/src/newlib/_syscalls.o
 .debug_macro   0x000000000000124c      0x10c ./system/src/newlib/_syscalls.o
 .debug_macro   0x0000000000001358      0x189 ./system/src/newlib/_syscalls.o
 .debug_macro   0x00000000000014e1       0x16 ./system/src/newlib/_syscalls.o
 .debug_macro   0x00000000000014f7      0x1fb ./system/src/diag/Trace.o
 .debug_macro   0x00000000000016f2       0x16 ./system/src/diag/Trace.o
 .debug_macro   0x0000000000001708       0x97 ./system/src/diag/Trace.o
 .debug_macro   0x000000000000179f       0xfd ./system/src/diag/Trace.o
 .debug_macro   0x000000000000189c       0x10 ./system/src/diag/Trace.o
 .debug_macro   0x00000000000018ac       0x16 ./system/src/diag/Trace.o
 .debug_macro   0x00000000000018c2      0x16f ./system/src/diag/Trace.o
 .debug_macro   0x0000000000001a31       0x4c ./system/src/diag/Trace.o
 .debug_macro   0x0000000000001a7d       0x16 ./system/src/diag/Trace.o
 .debug_macro   0x0000000000001a93      0x2da ./system/src/diag/trace_impl.o
 .debug_macro   0x0000000000001d6d       0x10 ./system/src/diag/trace_impl.o
 .debug_macro   0x0000000000001d7d       0xcf ./system/src/diag/trace_impl.o
 .debug_macro   0x0000000000001e4c       0xbe ./system/src/diag/trace_impl.o
 .debug_macro   0x0000000000001f0a       0x22 ./system/src/diag/trace_impl.o
 .debug_macro   0x0000000000001f2c      0x16b ./system/src/cortexm/_initialize_hardware.o
 .debug_macro   0x0000000000002097      0x324 ./system/src/cortexm/exception_handlers.o
 .debug_macro   0x00000000000023bb       0x3b ./system/src/cortexm/exception_handlers.o
 .debug_macro   0x00000000000023f6       0x10 ./system/src/cortexm/exception_handlers.o
 .debug_macro   0x0000000000002406      0x16e ./system/src/cmsis/system_stm32f10x.o
 .debug_macro   0x0000000000002574       0x34 ./system/src/cmsis/vectors_stm32f10x.o
 .debug_macro   0x00000000000025a8      0x303 ./src/main.o
 .debug_macro   0x00000000000028ab      0xb8e ./src/main.o
 .debug_macro   0x0000000000003439       0x97 ./src/main.o
 .debug_macro   0x00000000000034d0      0x104 ./src/main.o
 .debug_macro   0x00000000000035d4      0x137 ./src/main.o
 .debug_macro   0x000000000000370b       0x2e ./src/main.o
